---
source: tests/mermaid_layout_flowchart.rs
expression: "render(&chart(Direction::TopToBottom, nodes, edges), 80)"
---
                        ╭──────╮                                                
                        │ Root │                                                
                        ╰───┬──╯                                                
    ╭───────────────────────┤                                                   
    │           ╭───────────┤                                                   
    │           │           ├───────────╮                                       
    │           │           ├───────────┼───────────╮                           
    ▼           ▼           ▼           ▼           ▼                           
┌───────┐   ┌───────┐   ┌───────┐   ┌───────┐   ┌───────┐                       
│ Job 1 │   │ Job 2 │   │ Job 3 │   │ Job 4 │   │ Job 5 │                       
└───┬───┘   └───┬───┘   └───┬───┘   └───┬───┘   └───┬───┘                       
    ╰───────────┼───────────┤           │           │                           
                ╰───────────┤           │           │                           
                            ├───────────╯           │                           
                            ├───────────────────────╯                           
                            ▼                                                   
                        ╭──────╮                                                
                        │ Join │                                                
                        ╰──────╯
