---
source: tests/mermaid_seq_render.rs
expression: canvas.plain_text()
---
                                  Every frame                                   
                                                                                
                           ╭───╮               ╭───╮                            
                           │ A │               │ B │                            
                           ╰───╯               ╰───╯                            
                             ┆                   ┆                              
                         ╭─ loop [3 times] ──────────╮                          
                         │   ┆       poll        ┆   │                          
                         │   ┆───────────────────▶   │                          
                         │ ╭─ alt [ready] ─────────╮ │                          
                         │ │ ┆       data        ┆ │ │                          
                         │ │ ◀───────────────────┆ │ │                          
                         │ ├╌ else [not yet] ╌╌╌╌╌╌┤ │                          
                         │ │ ┆       wait        ┆ │ │                          
                         │ │ ◀───────────────────┆ │ │                          
                         │ ╰───────────────────────╯ │                          
                         ╰───────────────────────────╯                          
                         ╭─ opt ─────────────────────╮                          
                         │   ┆      cleanup      ┆   │                          
                         │   ┆───────────────────▶   │                          
                         ╰───────────────────────────╯                          
                         ╭─ par [one] ───────────────╮                          
                         │   ┆         a         ┆   │                          
                         │   ┆───────────────────▶   │                          
                         ├╌ and [two] ╌╌╌╌╌╌╌╌╌╌╌╌╌╌╌┤                          
                         │   ┆         b         ┆   │                          
                         │   ┆───────────────────▶   │                          
                         ╰───────────────────────────╯                          
                         ╭─ critical [connect] ──────╮                          
                         │   ┆       open        ┆   │                          
                         │   ┆───────────────────▶   │                          
                         ├╌ option [offline] ╌╌╌╌╌╌╌╌┤                          
                         │   ┆       queue       ┆   │                          
                         │   ┆───────────────────▶   │                          
                         ╰───────────────────────────╯                          
                             ┆                   ┆                              
                           ╭───╮               ╭───╮                            
                           │ A │               │ B │                            
                           ╰───╯               ╰───╯
