---
source: tests/mermaid_pie_render.rs
expression: canvas.plain_text()
---
A title that is itself far too long to …
                                        
● An extremely lo…  ████████   62.5%   5
● short             ████▊      37.5%   3
  ──────────────────────────────────────
  Total                       100.0%   8
