---
source: tests/mermaid_gantt_render.rs
expression: canvas.plain_text()
---
                                    Cutover                                     
                                                                                
         07-04 00:00    07-04 03:00     07-04 06:00    07-04 09:00   07-04 12:00
        ├─────┬──────────────┬───────────────┬──────────────┬──────────────┬───┤
        │                                                                       
Drain   │     ████████████████████                                              
Switch  │                         █████                                         
Verify  │                              ████████████████████████████████████
