---
source: tests/mermaid_layout_flowchart.rs
expression: "render(&decision(Direction::RightToLeft), 90)"
---
           ┌───────────┐                                                                  
          ╭┤ Handle it │◀───╮                                                             
          │└───────────┘ yes│                                                             
          │                 │                                                             
╭──────╮  │  ┌────────┐     │ ╱─────────╲    ╭───────╮                                    
( Done )◀─┴──┤ Report │◀────┴┤ Is it OK? │◀──( Start )                                    
╰──────╯     └────────┘   no  ╲─────────╱    ╰───────╯
