---
source: tests/mermaid_gantt_render.rs
expression: canvas.plain_text()
---
             06-01 00:00   06-01 06:00    06-01 12:00   06-01 18:00  06-02 00:00
            ├─────┬─────────────┬──────────────┬─────────────┬─────────────┬───┤
            │                                                                   
Gates       │                                                                   
  Alpha     │     ◆                                                             
  Beta      │     ◆
