---
source: tests/mermaid_layout_class.rs
expression: "render(&diagram(vec![class(\"動物\", members)], Vec::new()), 40)"
---
┌─────────────────┐                     
│      動物       │                     
├─────────────────┤                     
│ +名前: 文字列   │                     
├─────────────────┤                     
│ +走る🏃(): 真偽 │                     
└─────────────────┘
