---
source: tests/mermaid_layout_class.rs
expression: "render(&chart, 60)"
---
┌────────────────────────────┐                              
│           Animal           │                              
├────────────────────────────┤                              
│ +id: int                   │                              
│ -secret: String            │                              
│ #kin                       │                              
│ ~shared: bool$             │                              
├────────────────────────────┤                              
│ +rename(to: String): void* │                              
└────────────────────────────┘
