---
source: tests/mermaid_pie_render.rs
expression: canvas.plain_text()
---
● a      ████████████████████████████████████████████████████████   66.6%   1.25
● b      ██████████████████████▍                                    26.7%    0.5
● c      █████▋                                                      6.7%   0.13
  ──────────────────────────────────────────────────────────────────────────────
  Total                                                            100.0%   1.88
