---
source: tests/mermaid_seq_render.rs
expression: canvas.plain_text()
---
╭───╮         ╭───╮                                                             
│ A │         │ B │                                                             
╰───╯         ╰───╯                                                             
  ┆             ┆                                                               
  ┆ solid open  ┆                                                               
  ┆──────────────                                                               
  ┆ dotted open ┆                                                               
  ┆╌╌╌╌╌╌╌╌╌╌╌╌╌╌                                                               
  ┆ solid arrow ┆                                                               
  ┆─────────────▶                                                               
  ┆dotted arrow ┆                                                               
  ┆╌╌╌╌╌╌╌╌╌╌╌╌╌▶                                                               
  ┆ solid cross ┆                                                               
  ┆─────────────✗                                                               
  ┆dotted cross ┆                                                               
  ┆╌╌╌╌╌╌╌╌╌╌╌╌╌✗                                                               
  ┆             ┆                                                               
╭───╮         ╭───╮                                                             
│ A │         │ B │                                                             
╰───╯         ╰───╯
