---
source: tests/mermaid_seq_render.rs
expression: canvas.plain_text()
---
        多言語                                                                                                          
                                                                                                                        
    ◯      ╭─────────╮                                                                                                  
   ╱│╲     │ サーバ  │                                                                                                  
利用者 🚀  ╰─────────╯                                                                                                  
    ┆           ┆                                                                                                       
    ┆こんにちは ┆                                                                                                       
    ┆───────────▶                                                                                                       
    ┆  café́ ✓   ┆                                                                                                       
    ◀───────────┆                                                                                                       
    ┆           ┆                                                                                                       
    ◯      ╭─────────╮                                                                                                  
   ╱│╲     │ サーバ  │                                                                                                  
利用者 🚀  ╰─────────╯
