---
source: tests/mermaid_layout_flowchart.rs
expression: "render(&chart(Direction::TopToBottom, nodes, edges), 60)"
---
                        ╭──────────╮                        
                        │ 开始处理 │                        
                        ╰─────┬────╯                        
                              │はい                         
                              ▼                             
                        ┌───────────┐                       
                        │ 🚀 deploy │                       
                        └─────┬─────┘                       
                              ▼                             
                     ╭────────────────╮                     
                     ( 日本語のラベル )                     
                     ╰────────────────╯
