---
source: tests/mermaid_layout_er.rs
expression: "render(&diagram(vec![wide], Vec::new()), 40)"
---
┌──────────────────────────────────────┐
│                 WIDE                 │
├──────────────────────────────────────┤
│ averyLongTypeNameIndeed  anEvenLong… │
└──────────────────────────────────────┘
