---
source: tests/mermaid_layout_class.rs
expression: "render(&diagram(classes, relations), 90)"
---
                                        ┌──────┐                                          
                                        │ Root │                                          
                                        └┬┬─┬┬┬┘                                          
                                         △◆ ◇│┊                                           
               ╭─────────────────────────╯│ │╰┼─────────────╮                             
               │             ╭────────────╯ │ ╰┄┄┄┄┄┄┄┄┄┄┄┄┄┼┄┄┄┄┄┄┄┄┄┄┄┄┄┄╮              
               │             │              │               │              ┊              
               │             │              │               ▼              ▼              
          ┌────┴────┐   ┌────┴────┐   ┌─────┴─────┐   ┌───────────┐   ┌────────┐          
          │ Inherit │   │ Compose │   │ Aggregate │   │ Associate │   │ Depend │          
          └─────────┘   └─────────┘   └───────────┘   └───────────┘   └────────┘
