---
source: tests/mermaid_layout_flowchart.rs
expression: "render(&chart(Direction::TopToBottom, nodes, edges), 60)"
---
         ┌───────┐                                          
         │ Solid │                                          
         └─┬───┬─┘                                          
        ╭──╯ ╭─╯                                            
        ▼    │                                              
┌────────┐   │                                              
│ Dotted │   │                                              
└────┬───┘   │                                              
     ┊maybe  │                                              
     ┊       │                                              
     ▼       │                                              
 ┌───────┐   │                                              
 │ Thick │   │                                              
 └──────┳┘   │                                              
        ┗━━┓ ╰─╮                                            
           ┃   │                                            
           ▼   │                                            
         ┌─────┴─┐                                          
         │ Plain │                                          
         └───────┘
