---
source: tests/mermaid_pie_render.rs
expression: canvas.plain_text()
---
                              Where the votes went                              
                                                                                
● Cats   █████████████████████████████████████████████████████████   41.2%   245
● Dogs   ███████████████████████████████████████▌                    28.6%   170
● Birds  ████████████████████████▋                                   17.8%   106
● Other  █████████████████▎                                          12.4%    74
  ────────────────────────────────────────────────────────────────────────────  
  Total                                                             100.0%   595
