---
source: tests/mermaid_seq_render.rs
expression: canvas.plain_text()
---
             ╭───────╮                  
             │ Solo  │                  
             ╰───────╯                  
                 ┆                      
                 ┆──╮                   
                 ┆  │ muse              
                 ┆◀─╯                   
             ┌───────┐                  
             │ alone │                  
             └───────┘                  
                 ┆                      
             ╭───────╮                  
             │ Solo  │                  
             ╰───────╯
