---
source: tests/mermaid_pie_render.rs
expression: canvas.plain_text()
---
● Rust      ████████████████████████████████████████████████████████████   61.0%
● C         ████████████████████▋                                          21.0%
● Assembly  █████████████████▊                                             18.0%
  ──────────────────────────────────────────────────────────────────────────────
  Total                                                                   100.0%
