---
source: tests/mermaid_gantt_render.rs
expression: canvas.plain_text()
---
                                                  多言語のプロジェクト                                                  
                                                                                                                        
                                                       2024-01-04    2024-01-11   2024-01-18    2024-01-25    2024-02-01
                                                ├───────────┬─────────────┬────────────┬─────────────┬─────────────┬───┤
                                                │                                                                       
設計                                            │                                                                       
  A task name that is far too long to fit in an…│     █████████████████████████████████████                             
  日本語のタスク名 🚀                           │                                          ████████████████████████
