---
source: tests/mermaid_gantt_render.rs
expression: canvas.plain_text()
---
         00:00         00:00   12:00   00:00   12:00   00:00   12:00  00:00   12:00   00:00   12:00   00:00   12:00     
        ├────────────────┬───────┬───────┬───────┬───────┬───────┬──────┬───────┬───────┬───────┬───────┬───────┬───────
Kick off│▒▒▒▒▒▒▒▒▒▒▒▒▒▒▒▒▒▒▒▒▒▒▒▒▒▒▒▒▒▒▒▒▒▒▒▒▒▒▒▒▒▒▒▒▒▒▒▒                                                               
Wrap up │                                                ▒▒▒▒▒▒▒▒▒▒▒▒▒▒▒▒▒▒▒▒▒▒▒▒▒▒▒▒▒▒▒▒▒▒▒▒▒▒▒▒▒▒▒▒▒▒▒▒▒▒▒▒▒▒▒▒▒▒▒▒▒▒▒
