---
source: tests/mermaid_layout_er.rs
expression: "render(&chart, 50)"
---
┌──────────────────┐                              
│       顧客       │                              
├──────────────────┤                              
│ 文字列  名前  PK │                              
│ int     年齢     │                              
└──────────────────┘
