---
source: tests/mermaid_layout_class.rs
expression: "render(&chart, 60)"
---
┌─────────┐   ┌─────────┐                                   
│    A    │   │    B    │                                   
├─────────┤   ├─────────┤                                   
│ +x: int ├──▶│ +y: int │                                   
└─────────┘   └─────────┘
