---
source: tests/mermaid_layout_flowchart.rs
expression: "render(&decision(Direction::BottomToTop), 70)"
---
                                      ╭──────╮                        
                                      ( Done )                        
                                      ╰──────╯                        
                                        ▲  ▲                          
                           ╭────────────╯ ╭╯                          
                     ┌─────┴─────┐   ┌────┴───┐                       
                     │ Handle it │   │ Report │                       
                     └───────────┘   └────────┘                       
                           ▲              ▲                           
                           │yes           │no                         
                           ╰──────────────┤                           
                                     ╱────┴────╲                      
                                    │ Is it OK? │                     
                                     ╲─────────╱                      
                                          ▲                           
                                      ╭───┴───╮                       
                                      ( Start )                       
                                      ╰───────╯
