---
source: tests/mermaid_gantt_render.rs
expression: canvas.plain_text()
---
                                                      Release plan                                                      
                                                                                                                        
                   04 Jan           11 Jan            18 Jan            25 Jan           01 Feb            08 Feb       
             ├────────┬────────────────┬─────────────────┬─────────────────┬────────────────┬─────────────────┬─────────
Design       │                                                                                                          
  Spec       │░░░░░░░░░░░░░░░░░░░░                                                                                      
  Review     │                    ███████████████                                                                       
             │                                                                                                          
Build        │                                                                                                          
  Core engine│                                   ▓▓▓▓▓▓▓▓▓▓▓▓▓▓▓▓▓▓▓▓▓▓▓▓▓▓▓▓▓▓▓▓▓▓▓▓▓▓▓▓▓▓▓▓▓▓▓▓▓▓▓▓▓▓▓▓▓▓▓▓▓▓▓▓▓▓▓▓▓▓▓
  Docs       │                                                     ▒▒▒▒▒▒▒▒▒▒▒▒▒▒▒▒▒▒▒▒▒▒▒▒▒▒▒▒▒▒▒▒▒▒▒                  
  Ship       │                                                                                                         ◆
