---
source: tests/mermaid_gantt_render.rs
expression: canvas.plain_text()
---
                One day                 
                                        
             2024-05-06       2024-05-07
            ├──┬──────────────────────┬┤
            │                           
All of it   │  ███████████████████████
