---
source: tests/mermaid_seq_render.rs
expression: canvas.plain_text()
---
      Nothing here                                                                                                      
                                                                                                                        
(empty sequence diagram)
