---
source: tests/mermaid_seq_render.rs
expression: canvas.plain_text()
---
                                                        Greeting                                                        
                                                                                                                        
                                                   ╭───────╮  ╭─────╮                                                   
                                                   │ Alice │  │ Bob │                                                   
                                                   ╰───────╯  ╰─────╯                                                   
                                                       ┆         ┆                                                      
                                                       ┆  hello  ┆                                                      
                                                       ┆─────────▶                                                      
                                                       ┆hi there ┆                                                      
                                                       ◀╌╌╌╌╌╌╌╌╌┆                                                      
                                                       ┆         ┆                                                      
                                                   ╭───────╮  ╭─────╮                                                   
                                                   │ Alice │  │ Bob │                                                   
                                                   ╰───────╯  ╰─────╯
