---
source: tests/mermaid_layout_flowchart.rs
expression: "render(&chart, 78)"
---
                                              ╭───────╮                       
                                              ( Start )                       
                                              ╰───┬───╯                       
                                                  ▼                           
                                         ┌────────────────┐                   
                                         │ Parse Markdown │                   
                                         └────────┬───────┘                   
                                                  ▼                           
                                              ╱──────╲                        
                                             │ Valid? │                       
                                              ╲───┬──╱                        
                             ╭────────────────────┤                           
                             │yes                 │no                         
                             ▼                    ▼                           
                   ┌──────────────────┐   ┌──────────────┐                    
                   │ Layout to canvas │   │ Report error │                    
                   └─────────┬────────┘   └───────┬──────┘                    
                             ╰─────────────╮      │                           
                                           ▼      │                           
                                       ╭──────╮   │                           
                                       ├──────┤   │                           
                                       │ Draw │   │                           
                                       ├──────┤   │                           
                                       ╰─────┬╯   │                           
                                             ╰──╮ ╰╮                          
                                                ▼  ▼                          
                                              ╭──────╮                        
                                              ( Stop )                        
                                              ╰──────╯
