---
source: tests/snapshot.rs
expression: outline(&doc)
---
Document
  Heading(h1, #feature-exerciser--mermaid)
    Text("Feature exerciser — Mermaid")
  Paragraph
    Text("All seven families, each exercising the …")
    SoftBreak
    Text("each small enough that its box art can b…")
    SoftBreak
    Text("cases are at the end.")
  Heading(h2, #flowchart--shapes-and-edge-kinds)
    Text("flowchart — shapes and edge kinds")
  CodeBlock(mermaid)
  Heading(h2, #flowchart--left-to-right-with-a-subgraph)
    Text("flowchart — left to right, with a subgra…")
  CodeBlock(mermaid)
  Heading(h2, #sequencediagram--arrows-notes-and-blocks)
    Text("sequenceDiagram — arrows, notes and bloc…")
  CodeBlock(mermaid)
  Heading(h2, #classdiagram--compartments-visibility-stereotypes-relations)
    Text("classDiagram — compartments, visibility,…")
  CodeBlock(mermaid)
  Heading(h2, #erdiagram--attributes-keys-cardinalities)
    Text("erDiagram — attributes, keys, cardinalit…")
  CodeBlock(mermaid)
  Heading(h2, #statediagram-v2--composites-choice-fork-notes)
    Text("stateDiagram-v2 — composites, choice, fo…")
  CodeBlock(mermaid)
  Heading(h2, #pie)
    Text("pie")
  CodeBlock(mermaid)
  Heading(h2, #gantt--sections-tags-dependencies)
    Text("gantt — sections, tags, dependencies")
  CodeBlock(mermaid)
  Heading(h2, #directives-and-comments-are-parsed-and-ignored)
    Text("Directives and comments are parsed and i…")
  CodeBlock(mermaid)
  Heading(h2, #wider-than-eighty-columns)
    Text("Wider than eighty columns")
  CodeBlock(mermaid)
  Heading(h2, #degenerate--a-single-node)
    Text("Degenerate — a single node")
  CodeBlock(mermaid)
  Heading(h2, #degenerate--an-empty-diagram)
    Text("Degenerate — an empty diagram")
  CodeBlock(mermaid)
  Heading(h2, #not-a-supported-diagram-at-all)
    Text("Not a supported diagram at all")
  CodeBlock(mermaid)
  Heading(h2, #not-valid-mermaid-at-all)
    Text("Not valid mermaid at all")
  CodeBlock(mermaid)
